[2026-08-17 18:06:26] [INFO] Iniciando configuração do projeto.
[2026-08-17 18:06:26] [INFO] Projeto: /Users/eli/frankfurter-pipeline
[2026-08-17 18:06:26] [INFO] Log: /Users/eli/frankfurter-pipeline/logs/setup-branch_20260817_180626.log
[2026-08-17 18:06:26] [INFO] git status --short
 D uv.lock
 D validacao.txt
?? logs/
?? set-up-branch.sh
[2026-08-17 18:06:26] [INFO] git fetch origin
[2026-08-17 18:06:27] [INFO] git switch main
Already on 'main'
D	uv.lock
D	validacao.txt
Your branch is up to date with 'origin/main'.
[2026-08-17 18:06:27] [INFO] git pull --ff-only origin main
From https://github.com/elianezanlorense/frankfurter-pipeline
 * branch            main       -> FETCH_HEAD
Already up to date.
[2026-08-17 18:06:27] [INFO] Criando branch 'branch_t' a partir da main.
[2026-08-17 18:06:27] [INFO] git switch -c branch_t
Switched to a new branch 'branch_t'
[2026-08-17 18:06:27] [INFO] Branch atual: branch_t
[2026-08-17 18:06:27] [INFO] Alias adicionado: alias st='git status'
[2026-08-17 18:06:27] [INFO] Alias adicionado: alias sw='git switch'
[2026-08-17 18:06:27] [INFO] Alias adicionado: alias br='git branch'
[2026-08-17 18:06:27] [INFO] Alias adicionado: alias co='git checkout'
[2026-08-17 18:06:27] [INFO] Alias adicionado: alias cm='git commit'
[2026-08-17 18:06:27] [INFO] Alias adicionado: alias ps='git push'
[2026-08-17 18:06:28] [INFO] Alias adicionado: alias pl='git pull'
[2026-08-17 18:06:28] [INFO] Alias já existe: alias ga='git add'
[2026-08-17 18:06:28] [INFO] Alias adicionado: alias lg='git log --oneline --graph --decorate --all'
[2026-08-17 18:06:28] [INFO] uv já está instalado: uv 0.12.5 (210d1f678 2026-08-14 aarch64-apple-darwin)
[2026-08-17 18:06:28] [INFO] uv init
Initialized project `frankfurter-pipeline`
[2026-08-17 18:06:28] [INFO] uv sync
Using CPython 3.12.14
Creating virtual environment at: .venv
Resolved 1 package in 28ms
   Building frankfurter-pipeline @ file:///Users/eli/frankfurter-pipeline
      Built frankfurter-pipeline @ file:///Users/eli/frankfurter-pipeline
Prepared 1 package in 16ms
Installed 1 package in 4ms
 + frankfurter-pipeline==0.1.0 (from file:///Users/eli/frankfurter-pipeline)
[2026-08-17 18:06:28] [INFO] Aliases configurados em /Users/eli/.zshrc.
[2026-08-17 18:06:28] [INFO] Branch pronta: branch_t
[2026-08-17 18:06:28] [INFO] Ambiente virtual criado/sincronizado.
[2026-08-17 18:06:28] [INFO] Depois do script, execute: source "/Users/eli/.zshrc"
[2026-08-17 18:06:28] [INFO] Para ativar o ambiente, execute: source "/Users/eli/frankfurter-pipeline/.venv/bin/activate"
